0 verbose cli /usr/bin/node /usr/bin/npm
1 info using npm@10.8.2
2 info using node@v20.20.2
3 silly config load:file:/usr/lib/node_modules/npm/npmrc
4 silly config load:file:/www/admin/.npmrc
5 silly config load:file:/var/www/.npmrc
6 silly config load:file:/usr/etc/npmrc
7 verbose title npm ci
8 verbose argv "ci"
9 verbose logfile logs-max:10 dir:/var/www/.npm/_logs/2026-05-02T10_06_41_780Z-
10 verbose logfile /var/www/.npm/_logs/2026-05-02T10_06_41_780Z-debug-0.log
11 silly packumentCache heap:2197815296 maxSize:549453824 maxEntrySize:274726912
12 silly logfile done cleaning log files
13 silly idealTree buildDeps
14 silly reify moves {}
15 silly audit bulk request {
15 silly audit   '@alloc/quick-lru': [ '5.2.0' ],
15 silly audit   '@babel/code-frame': [ '7.29.0' ],
15 silly audit   '@babel/compat-data': [ '7.29.0' ],
15 silly audit   '@babel/core': [ '7.29.0' ],
15 silly audit   '@babel/generator': [ '7.29.1' ],
15 silly audit   '@babel/helper-compilation-targets': [ '7.28.6' ],
15 silly audit   '@babel/helper-globals': [ '7.28.0' ],
15 silly audit   '@babel/helper-module-imports': [ '7.28.6' ],
15 silly audit   '@babel/helper-module-transforms': [ '7.28.6' ],
15 silly audit   '@babel/helper-plugin-utils': [ '7.28.6' ],
15 silly audit   '@babel/helper-string-parser': [ '7.27.1' ],
15 silly audit   '@babel/helper-validator-identifier': [ '7.28.5' ],
15 silly audit   '@babel/helper-validator-option': [ '7.27.1' ],
15 silly audit   '@babel/helpers': [ '7.29.2' ],
15 silly audit   '@babel/parser': [ '7.29.2' ],
15 silly audit   '@babel/plugin-transform-react-jsx-self': [ '7.27.1' ],
15 silly audit   '@babel/plugin-transform-react-jsx-source': [ '7.27.1' ],
15 silly audit   '@babel/template': [ '7.28.6' ],
15 silly audit   '@babel/traverse': [ '7.29.0' ],
15 silly audit   '@babel/types': [ '7.29.0' ],
15 silly audit   '@date-fns/tz': [ '1.4.1' ],
15 silly audit   '@esbuild/aix-ppc64': [ '0.21.5' ],
15 silly audit   '@esbuild/android-arm': [ '0.21.5' ],
15 silly audit   '@esbuild/android-arm64': [ '0.21.5' ],
15 silly audit   '@esbuild/android-x64': [ '0.21.5' ],
15 silly audit   '@esbuild/darwin-arm64': [ '0.21.5' ],
15 silly audit   '@esbuild/darwin-x64': [ '0.21.5' ],
15 silly audit   '@esbuild/freebsd-arm64': [ '0.21.5' ],
15 silly audit   '@esbuild/freebsd-x64': [ '0.21.5' ],
15 silly audit   '@esbuild/linux-arm': [ '0.21.5' ],
15 silly audit   '@esbuild/linux-arm64': [ '0.21.5' ],
15 silly audit   '@esbuild/linux-ia32': [ '0.21.5' ],
15 silly audit   '@esbuild/linux-loong64': [ '0.21.5' ],
15 silly audit   '@esbuild/linux-mips64el': [ '0.21.5' ],
15 silly audit   '@esbuild/linux-ppc64': [ '0.21.5' ],
15 silly audit   '@esbuild/linux-riscv64': [ '0.21.5' ],
15 silly audit   '@esbuild/linux-s390x': [ '0.21.5' ],
15 silly audit   '@esbuild/linux-x64': [ '0.21.5' ],
15 silly audit   '@esbuild/netbsd-x64': [ '0.21.5' ],
15 silly audit   '@esbuild/openbsd-x64': [ '0.21.5' ],
15 silly audit   '@esbuild/sunos-x64': [ '0.21.5' ],
15 silly audit   '@esbuild/win32-arm64': [ '0.21.5' ],
15 silly audit   '@esbuild/win32-ia32': [ '0.21.5' ],
15 silly audit   '@esbuild/win32-x64': [ '0.21.5' ],
15 silly audit   '@eslint-community/eslint-utils': [ '4.9.1' ],
15 silly audit   'eslint-visitor-keys': [ '3.4.3', '5.0.1', '4.2.1' ],
15 silly audit   '@eslint-community/regexpp': [ '4.12.2' ],
15 silly audit   '@eslint/config-array': [ '0.21.2' ],
15 silly audit   '@eslint/config-helpers': [ '0.4.2' ],
15 silly audit   '@eslint/core': [ '0.17.0' ],
15 silly audit   '@eslint/eslintrc': [ '3.3.5' ],
15 silly audit   globals: [ '14.0.0', '15.15.0' ],
15 silly audit   '@eslint/js': [ '9.39.4' ],
15 silly audit   '@eslint/object-schema': [ '2.1.7' ],
15 silly audit   '@eslint/plugin-kit': [ '0.4.1' ],
15 silly audit   '@floating-ui/core': [ '1.7.5' ],
15 silly audit   '@floating-ui/dom': [ '1.7.6' ],
15 silly audit   '@floating-ui/react-dom': [ '2.1.8' ],
15 silly audit   '@floating-ui/utils': [ '0.2.11' ],
15 silly audit   '@humanfs/core': [ '0.19.1' ],
15 silly audit   '@humanfs/node': [ '0.16.7' ],
15 silly audit   '@humanwhocodes/module-importer': [ '1.0.1' ],
15 silly audit   '@humanwhocodes/retry': [ '0.4.3' ],
15 silly audit   '@jridgewell/gen-mapping': [ '0.3.13' ],
15 silly audit   '@jridgewell/remapping': [ '2.3.5' ],
15 silly audit   '@jridgewell/resolve-uri': [ '3.1.2' ],
15 silly audit   '@jridgewell/sourcemap-codec': [ '1.5.5' ],
15 silly audit   '@jridgewell/trace-mapping': [ '0.3.31' ],
15 silly audit   '@nodelib/fs.scandir': [ '2.1.5' ],
15 silly audit   '@nodelib/fs.stat': [ '2.0.5' ],
15 silly audit   '@nodelib/fs.walk': [ '1.2.8' ],
15 silly audit   '@radix-ui/number': [ '1.1.1' ],
15 silly audit   '@radix-ui/primitive': [ '1.1.3' ],
15 silly audit   '@radix-ui/react-accordion': [ '1.2.12' ],
15 silly audit   '@radix-ui/react-alert-dialog': [ '1.1.15' ],
15 silly audit   '@radix-ui/react-slot': [ '1.2.3', '1.2.4' ],
15 silly audit   '@radix-ui/react-arrow': [ '1.1.7' ],
15 silly audit   '@radix-ui/react-avatar': [ '1.1.11' ],
15 silly audit   '@radix-ui/react-context': [ '1.1.3', '1.1.2' ],
15 silly audit   '@radix-ui/react-primitive': [ '2.1.4', '2.1.3' ],
15 silly audit   '@radix-ui/react-checkbox': [ '1.3.3' ],
15 silly audit   '@radix-ui/react-collapsible': [ '1.1.12' ],
15 silly audit   '@radix-ui/react-collection': [ '1.1.7' ],
15 silly audit   '@radix-ui/react-compose-refs': [ '1.1.2' ],
15 silly audit   '@radix-ui/react-dialog': [ '1.1.15' ],
15 silly audit   '@radix-ui/react-direction': [ '1.1.1' ],
15 silly audit   '@radix-ui/react-dismissable-layer': [ '1.1.11' ],
15 silly audit   '@radix-ui/react-dropdown-menu': [ '2.1.16' ],
15 silly audit   '@radix-ui/react-focus-guards': [ '1.1.3' ],
15 silly audit   '@radix-ui/react-focus-scope': [ '1.1.7' ],
15 silly audit   '@radix-ui/react-id': [ '1.1.1' ],
15 silly audit   '@radix-ui/react-label': [ '2.1.8' ],
15 silly audit   '@radix-ui/react-menu': [ '2.1.16' ],
15 silly audit   '@radix-ui/react-menubar': [ '1.1.16' ],
15 silly audit   '@radix-ui/react-popover': [ '1.1.15' ],
15 silly audit   '@radix-ui/react-popper': [ '1.2.8' ],
15 silly audit   '@radix-ui/react-portal': [ '1.1.9' ],
15 silly audit   '@radix-ui/react-presence': [ '1.1.5' ],
15 silly audit   '@radix-ui/react-progress': [ '1.1.8' ],
15 silly audit   '@radix-ui/react-radio-group': [ '1.3.8' ],
15 silly audit   '@radix-ui/react-roving-focus': [ '1.1.11' ],
15 silly audit   '@radix-ui/react-scroll-area': [ '1.2.10' ],
15 silly audit   '@radix-ui/react-select': [ '2.2.6' ],
15 silly audit   '@radix-ui/react-separator': [ '1.1.8' ],
15 silly audit   '@radix-ui/react-slider': [ '1.3.6' ],
15 silly audit   '@radix-ui/react-switch': [ '1.2.6' ],
15 silly audit   '@radix-ui/react-tabs': [ '1.1.13' ],
15 silly audit   '@radix-ui/react-toast': [ '1.2.15' ],
15 silly audit   '@radix-ui/react-tooltip': [ '1.2.8' ],
15 silly audit   '@radix-ui/react-use-callback-ref': [ '1.1.1' ],
15 silly audit   '@radix-ui/react-use-controllable-state': [ '1.2.2' ],
15 silly audit   '@radix-ui/react-use-effect-event': [ '0.0.2' ],
15 silly audit   '@radix-ui/react-use-escape-keydown': [ '1.1.1' ],
15 silly audit   '@radix-ui/react-use-is-hydrated': [ '0.1.0' ],
15 silly audit   '@radix-ui/react-use-layout-effect': [ '1.1.1' ],
15 silly audit   '@radix-ui/react-use-previous': [ '1.1.1' ],
15 silly audit   '@radix-ui/react-use-rect': [ '1.1.1' ],
15 silly audit   '@radix-ui/react-use-size': [ '1.1.1' ],
15 silly audit   '@radix-ui/react-visually-hidden': [ '1.2.3' ],
15 silly audit   '@radix-ui/rect': [ '1.1.1' ],
15 silly audit   '@reduxjs/toolkit': [ '2.11.2' ],
15 silly audit   immer: [ '11.1.4', '10.2.0' ],
15 silly audit   '@rolldown/pluginutils': [ '1.0.0-beta.27' ],
15 silly audit   '@rollup/rollup-android-arm-eabi': [ '4.60.1' ],
15 silly audit   '@rollup/rollup-android-arm64': [ '4.60.1' ],
15 silly audit   '@rollup/rollup-darwin-arm64': [ '4.60.1' ],
15 silly audit   '@rollup/rollup-darwin-x64': [ '4.60.1' ],
15 silly audit   '@rollup/rollup-freebsd-arm64': [ '4.60.1' ],
15 silly audit   '@rollup/rollup-freebsd-x64': [ '4.60.1' ],
15 silly audit   '@rollup/rollup-linux-arm-gnueabihf': [ '4.60.1' ],
15 silly audit   '@rollup/rollup-linux-arm-musleabihf': [ '4.60.1' ],
15 silly audit   '@rollup/rollup-linux-arm64-gnu': [ '4.60.1' ],
15 silly audit   '@rollup/rollup-linux-arm64-musl': [ '4.60.1' ],
15 silly audit   '@rollup/rollup-linux-loong64-gnu': [ '4.60.1' ],
15 silly audit   '@rollup/rollup-linux-loong64-musl': [ '4.60.1' ],
15 silly audit   '@rollup/rollup-linux-ppc64-gnu': [ '4.60.1' ],
15 silly audit   '@rollup/rollup-linux-ppc64-musl': [ '4.60.1' ],
15 silly audit   '@rollup/rollup-linux-riscv64-gnu': [ '4.60.1' ],
15 silly audit   '@rollup/rollup-linux-riscv64-musl': [ '4.60.1' ],
15 silly audit   '@rollup/rollup-linux-s390x-gnu': [ '4.60.1' ],
15 silly audit   '@rollup/rollup-linux-x64-gnu': [ '4.60.1' ],
15 silly audit   '@rollup/rollup-linux-x64-musl': [ '4.60.1' ],
15 silly audit   '@rollup/rollup-openbsd-x64': [ '4.60.1' ],
15 silly audit   '@rollup/rollup-openharmony-arm64': [ '4.60.1' ],
15 silly audit   '@rollup/rollup-win32-arm64-msvc': [ '4.60.1' ],
15 silly audit   '@rollup/rollup-win32-ia32-msvc': [ '4.60.1' ],
15 silly audit   '@rollup/rollup-win32-x64-gnu': [ '4.60.1' ],
15 silly audit   '@rollup/rollup-win32-x64-msvc': [ '4.60.1' ],
15 silly audit   '@socket.io/component-emitter': [ '3.1.2' ],
15 silly audit   '@standard-schema/spec': [ '1.1.0' ],
15 silly audit   '@standard-schema/utils': [ '0.3.0' ],
15 silly audit   '@tabby_ai/hijri-converter': [ '1.0.5' ],
15 silly audit   '@tanstack/react-table': [ '8.21.3' ],
15 silly audit   '@tanstack/table-core': [ '8.21.3' ],
15 silly audit   '@types/babel__core': [ '7.20.5' ],
15 silly audit   '@types/babel__generator': [ '7.27.0' ],
15 silly audit   '@types/babel__template': [ '7.4.4' ],
15 silly audit   '@types/babel__traverse': [ '7.28.0' ],
15 silly audit   '@types/d3-array': [ '3.2.2' ],
15 silly audit   '@types/d3-color': [ '3.1.3' ],
15 silly audit   '@types/d3-ease': [ '3.0.2' ],
15 silly audit   '@types/d3-interpolate': [ '3.0.4' ],
15 silly audit   '@types/d3-path': [ '3.1.1' ],
15 silly audit   '@types/d3-scale': [ '4.0.9' ],
15 silly audit   '@types/d3-shape': [ '3.1.8' ],
15 silly audit   '@types/d3-time': [ '3.0.4' ],
15 silly audit   '@types/d3-timer': [ '3.0.2' ],
15 silly audit   '@types/estree': [ '1.0.8' ],
15 silly audit   '@types/json-schema': [ '7.0.15' ],
15 silly audit   '@types/node': [ '25.5.2' ],
15 silly audit   '@types/prop-types': [ '15.7.15' ],
15 silly audit   '@types/react': [ '18.3.28' ],
15 silly audit   '@types/react-dom': [ '18.3.7' ],
15 silly audit   '@types/use-sync-external-store': [ '0.0.6' ],
15 silly audit   '@typescript-eslint/eslint-plugin': [ '8.58.1' ],
15 silly audit   ignore: [ '7.0.5', '5.3.2' ],
15 silly audit   '@typescript-eslint/parser': [ '8.58.1' ],
15 silly audit   '@typescript-eslint/project-service': [ '8.58.1' ],
15 silly audit   '@typescript-eslint/scope-manager': [ '8.58.1' ],
15 silly audit   '@typescript-eslint/tsconfig-utils': [ '8.58.1' ],
15 silly audit   '@typescript-eslint/type-utils': [ '8.58.1' ],
15 silly audit   '@typescript-eslint/types': [ '8.58.1' ],
15 silly audit   '@typescript-eslint/typescript-estree': [ '8.58.1' ],
15 silly audit   'balanced-match': [ '4.0.4', '1.0.2' ],
15 silly audit   'brace-expansion': [ '5.0.5', '1.1.13' ],
15 silly audit   minimatch: [ '10.2.5', '3.1.5' ],
15 silly audit   semver: [ '7.7.4', '6.3.1' ],
15 silly audit   '@typescript-eslint/utils': [ '8.58.1' ],
15 silly audit   '@typescript-eslint/visitor-keys': [ '8.58.1' ],
15 silly audit   '@vitejs/plugin-react': [ '4.7.0' ],
15 silly audit   acorn: [ '8.16.0' ],
15 silly audit   'acorn-jsx': [ '5.3.2' ],
15 silly audit   ajv: [ '6.14.0' ],
15 silly audit   'ansi-styles': [ '4.3.0' ],
15 silly audit   'any-promise': [ '1.3.0' ],
15 silly audit   anymatch: [ '3.1.3' ],
15 silly audit   arg: [ '5.0.2' ],
15 silly audit   argparse: [ '2.0.1' ],
15 silly audit   'aria-hidden': [ '1.2.6' ],
15 silly audit   asynckit: [ '0.4.0' ],
15 silly audit   autoprefixer: [ '10.4.27' ],
15 silly audit   axios: [ '1.15.0' ],
15 silly audit   'baseline-browser-mapping': [ '2.10.17' ],
15 silly audit   'binary-extensions': [ '2.3.0' ],
15 silly audit   braces: [ '3.0.3' ],
15 silly audit   browserslist: [ '4.28.2' ],
15 silly audit   'call-bind-apply-helpers': [ '1.0.2' ],
15 silly audit   callsites: [ '3.1.0' ],
15 silly audit   'camelcase-css': [ '2.0.1' ],
15 silly audit   'caniuse-lite': [ '1.0.30001787' ],
15 silly audit   chalk: [ '4.1.2' ],
15 silly audit   chokidar: [ '3.6.0' ],
15 silly audit   'glob-parent': [ '5.1.2', '6.0.2' ],
15 silly audit   'class-variance-authority': [ '0.7.1' ],
15 silly audit   clsx: [ '2.1.1' ],
15 silly audit   'color-convert': [ '2.0.1' ],
15 silly audit   'color-name': [ '1.1.4' ],
15 silly audit   'combined-stream': [ '1.0.8' ],
15 silly audit   commander: [ '4.1.1' ],
15 silly audit   'concat-map': [ '0.0.1' ],
15 silly audit   'convert-source-map': [ '2.0.0' ],
15 silly audit   cookie: [ '1.1.1' ],
15 silly audit   'cross-spawn': [ '7.0.6' ],
15 silly audit   cssesc: [ '3.0.0' ],
15 silly audit   csstype: [ '3.2.3' ],
15 silly audit   'd3-array': [ '3.2.4' ],
15 silly audit   'd3-color': [ '3.1.0' ],
15 silly audit   'd3-ease': [ '3.0.1' ],
15 silly audit   'd3-format': [ '3.1.2' ],
15 silly audit   'd3-interpolate': [ '3.0.1' ],
15 silly audit   'd3-path': [ '3.1.0' ],
15 silly audit   'd3-scale': [ '4.0.2' ],
15 silly audit   'd3-shape': [ '3.2.0' ],
15 silly audit   'd3-time': [ '3.1.0' ],
15 silly audit   'd3-time-format': [ '4.1.0' ],
15 silly audit   'd3-timer': [ '3.0.1' ],
15 silly audit   'date-fns': [ '4.1.0' ],
15 silly audit   'date-fns-jalali': [ '4.1.0-0' ],
15 silly audit   debug: [ '4.4.3' ],
15 silly audit   'decimal.js-light': [ '2.5.1' ],
15 silly audit   'deep-is': [ '0.1.4' ],
15 silly audit   'delayed-stream': [ '1.0.0' ],
15 silly audit   'detect-node-es': [ '1.1.0' ],
15 silly audit   didyoumean: [ '1.2.2' ],
15 silly audit   dlv: [ '1.1.3' ],
15 silly audit   'dunder-proto': [ '1.0.1' ],
15 silly audit   'electron-to-chromium': [ '1.5.334' ],
15 silly audit   'embla-carousel': [ '8.6.0' ],
15 silly audit   'embla-carousel-react': [ '8.6.0' ],
15 silly audit   'embla-carousel-reactive-utils': [ '8.6.0' ],
15 silly audit   'engine.io-client': [ '6.6.4' ],
15 silly audit   'engine.io-parser': [ '5.2.3' ],
15 silly audit   'es-define-property': [ '1.0.1' ],
15 silly audit   'es-errors': [ '1.3.0' ],
15 silly audit   'es-object-atoms': [ '1.1.1' ],
15 silly audit   'es-set-tostringtag': [ '2.1.0' ],
15 silly audit   'es-toolkit': [ '1.45.1' ],
15 silly audit   esbuild: [ '0.21.5' ],
15 silly audit   escalade: [ '3.2.0' ],
15 silly audit   'escape-string-regexp': [ '4.0.0' ],
15 silly audit   eslint: [ '9.39.4' ],
15 silly audit   'eslint-plugin-react-hooks': [ '5.2.0' ],
15 silly audit   'eslint-plugin-react-refresh': [ '0.4.26' ],
15 silly audit   'eslint-scope': [ '8.4.0' ],
15 silly audit   espree: [ '10.4.0' ],
15 silly audit   esquery: [ '1.7.0' ],
15 silly audit   esrecurse: [ '4.3.0' ],
15 silly audit   estraverse: [ '5.3.0' ],
15 silly audit   esutils: [ '2.0.3' ],
15 silly audit   eventemitter3: [ '5.0.4' ],
15 silly audit   'fast-deep-equal': [ '3.1.3' ],
15 silly audit   'fast-glob': [ '3.3.3' ],
15 silly audit   'fast-json-stable-stringify': [ '2.1.0' ],
15 silly audit   'fast-levenshtein': [ '2.0.6' ],
15 silly audit   fastq: [ '1.20.1' ],
15 silly audit   'file-entry-cache': [ '8.0.0' ],
15 silly audit   'fill-range': [ '7.1.1' ],
15 silly audit   'find-up': [ '5.0.0' ],
15 silly audit   'flat-cache': [ '4.0.1' ],
15 silly audit   flatted: [ '3.4.2' ],
15 silly audit   'follow-redirects': [ '1.15.11' ],
15 silly audit   'form-data': [ '4.0.5' ],
15 silly audit   'fraction.js': [ '5.3.4' ],
15 silly audit   fsevents: [ '2.3.3' ],
15 silly audit   'function-bind': [ '1.1.2' ],
15 silly audit   gensync: [ '1.0.0-beta.2' ],
15 silly audit   'get-intrinsic': [ '1.3.0' ],
15 silly audit   'get-nonce': [ '1.0.1' ],
15 silly audit   'get-proto': [ '1.0.1' ],
15 silly audit   gopd: [ '1.2.0' ],
15 silly audit   'has-flag': [ '4.0.0' ],
15 silly audit   'has-symbols': [ '1.1.0' ],
15 silly audit   'has-tostringtag': [ '1.0.2' ],
15 silly audit   hasown: [ '2.0.2' ],
15 silly audit   'import-fresh': [ '3.3.1' ],
15 silly audit   imurmurhash: [ '0.1.4' ],
15 silly audit   internmap: [ '2.0.3' ],
15 silly audit   'is-binary-path': [ '2.1.0' ],
15 silly audit   'is-core-module': [ '2.16.1' ],
15 silly audit   'is-extglob': [ '2.1.1' ],
15 silly audit   'is-glob': [ '4.0.3' ],
15 silly audit   'is-number': [ '7.0.0' ],
15 silly audit   isexe: [ '2.0.0' ],
15 silly audit   jiti: [ '1.21.7' ],
15 silly audit   'js-tokens': [ '4.0.0' ],
15 silly audit   'js-yaml': [ '4.1.1' ],
15 silly audit   jsesc: [ '3.1.0' ],
15 silly audit   'json-buffer': [ '3.0.1' ],
15 silly audit   'json-schema-traverse': [ '0.4.1' ],
15 silly audit   'json-stable-stringify-without-jsonify': [ '1.0.1' ],
15 silly audit   json5: [ '2.2.3' ],
15 silly audit   keyv: [ '4.5.4' ],
15 silly audit   levn: [ '0.4.1' ],
15 silly audit   lilconfig: [ '3.1.3' ],
15 silly audit   'lines-and-columns': [ '1.2.4' ],
15 silly audit   'locate-path': [ '6.0.0' ],
15 silly audit   'lodash.merge': [ '4.6.2' ],
15 silly audit   'loose-envify': [ '1.4.0' ],
15 silly audit   'lru-cache': [ '5.1.1' ],
15 silly audit   'lucide-react': [ '1.8.0' ],
15 silly audit   'math-intrinsics': [ '1.1.0' ],
15 silly audit   merge2: [ '1.4.1' ],
15 silly audit   micromatch: [ '4.0.8' ],
15 silly audit   'mime-db': [ '1.52.0' ],
15 silly audit   'mime-types': [ '2.1.35' ],
15 silly audit   ms: [ '2.1.3' ],
15 silly audit   mz: [ '2.7.0' ],
15 silly audit   nanoid: [ '3.3.11' ],
15 silly audit   'natural-compare': [ '1.4.0' ],
15 silly audit   'node-releases': [ '2.0.37' ],
15 silly audit   'normalize-path': [ '3.0.0' ],
15 silly audit   'object-assign': [ '4.1.1' ],
15 silly audit   'object-hash': [ '3.0.0' ],
15 silly audit   optionator: [ '0.9.4' ],
15 silly audit   'p-limit': [ '3.1.0' ],
15 silly audit   'p-locate': [ '5.0.0' ],
15 silly audit   'parent-module': [ '1.0.1' ],
15 silly audit   'path-exists': [ '4.0.0' ],
15 silly audit   'path-key': [ '3.1.1' ],
15 silly audit   'path-parse': [ '1.0.7' ],
15 silly audit   picocolors: [ '1.1.1' ],
15 silly audit   picomatch: [ '2.3.2', '4.0.4' ],
15 silly audit   pify: [ '2.3.0' ],
15 silly audit   pirates: [ '4.0.7' ],
15 silly audit   postcss: [ '8.5.9' ],
15 silly audit   'postcss-import': [ '15.1.0' ],
15 silly audit   'postcss-js': [ '4.1.0' ],
15 silly audit   'postcss-load-config': [ '6.0.1' ],
15 silly audit   'postcss-nested': [ '6.2.0' ],
15 silly audit   'postcss-selector-parser': [ '6.1.2' ],
15 silly audit   'postcss-value-parser': [ '4.2.0' ],
15 silly audit   'prelude-ls': [ '1.2.1' ],
15 silly audit   'proxy-from-env': [ '2.1.0' ],
15 silly audit   punycode: [ '2.3.1' ],
15 silly audit   'queue-microtask': [ '1.2.3' ],
15 silly audit   react: [ '18.3.1' ],
15 silly audit   'react-day-picker': [ '9.14.0' ],
15 silly audit   'react-dom': [ '18.3.1' ],
15 silly audit   'react-hook-form': [ '7.72.1' ],
15 silly audit   'react-is': [ '19.2.5' ],
15 silly audit   'react-redux': [ '9.2.0' ],
15 silly audit   'react-refresh': [ '0.17.0' ],
15 silly audit   'react-remove-scroll': [ '2.7.2' ],
15 silly audit   'react-remove-scroll-bar': [ '2.3.8' ],
15 silly audit   'react-router': [ '7.14.0' ],
15 silly audit   'react-router-dom': [ '7.14.0' ],
15 silly audit   'react-style-singleton': [ '2.2.3' ],
15 silly audit   'read-cache': [ '1.0.0' ],
15 silly audit   readdirp: [ '3.6.0' ],
15 silly audit   recharts: [ '3.8.1' ],
15 silly audit   redux: [ '5.0.1' ],
15 silly audit   'redux-thunk': [ '3.1.0' ],
15 silly audit   reselect: [ '5.1.1' ],
15 silly audit   resolve: [ '1.22.11' ],
15 silly audit   'resolve-from': [ '4.0.0' ],
15 silly audit   reusify: [ '1.1.0' ],
15 silly audit   rollup: [ '4.60.1' ],
15 silly audit   'run-parallel': [ '1.2.0' ],
15 silly audit   scheduler: [ '0.23.2' ],
15 silly audit   'set-cookie-parser': [ '2.7.2' ],
15 silly audit   'shebang-command': [ '2.0.0' ],
15 silly audit   'shebang-regex': [ '3.0.0' ],
15 silly audit   'socket.io-client': [ '4.8.3' ],
15 silly audit   'socket.io-parser': [ '4.2.6' ],
15 silly audit   'source-map-js': [ '1.2.1' ],
15 silly audit   'strip-json-comments': [ '3.1.1' ],
15 silly audit   sucrase: [ '3.35.1' ],
15 silly audit   'supports-color': [ '7.2.0' ],
15 silly audit   'supports-preserve-symlinks-flag': [ '1.0.0' ],
15 silly audit   'tailwind-merge': [ '3.5.0' ],
15 silly audit   tailwindcss: [ '3.4.19' ],
15 silly audit   'tailwindcss-animate': [ '1.0.7' ],
15 silly audit   thenify: [ '3.3.1' ],
15 silly audit   'thenify-all': [ '1.6.0' ],
15 silly audit   'tiny-invariant': [ '1.3.3' ],
15 silly audit   tinyglobby: [ '0.2.16' ],
15 silly audit   fdir: [ '6.5.0' ],
15 silly audit   'to-regex-range': [ '5.0.1' ],
15 silly audit   'ts-api-utils': [ '2.5.0' ],
15 silly audit   'ts-interface-checker': [ '0.1.13' ],
15 silly audit   tslib: [ '2.8.1' ],
15 silly audit   'type-check': [ '0.4.0' ],
15 silly audit   typescript: [ '5.6.3' ],
15 silly audit   'typescript-eslint': [ '8.58.1' ],
15 silly audit   'undici-types': [ '7.18.2' ],
15 silly audit   'update-browserslist-db': [ '1.2.3' ],
15 silly audit   'uri-js': [ '4.4.1' ],
15 silly audit   'use-callback-ref': [ '1.3.3' ],
15 silly audit   'use-sidecar': [ '1.1.3' ],
15 silly audit   'use-sync-external-store': [ '1.6.0' ],
15 silly audit   'util-deprecate': [ '1.0.2' ],
15 silly audit   'victory-vendor': [ '37.3.6' ],
15 silly audit   vite: [ '5.4.21' ],
15 silly audit   which: [ '2.0.2' ],
15 silly audit   'word-wrap': [ '1.2.5' ],
15 silly audit   ws: [ '8.18.3' ],
15 silly audit   'xmlhttprequest-ssl': [ '2.1.2' ],
15 silly audit   yallist: [ '3.1.1' ],
15 silly audit   'yocto-queue': [ '0.1.0' ],
15 silly audit   zustand: [ '5.0.12' ]
15 silly audit }
16 verbose reify failed optional dependency /www/admin/node_modules/fsevents
17 silly reify mark deleted [ '/www/admin/node_modules/fsevents' ]
18 verbose reify failed optional dependency /www/admin/node_modules/@rollup/rollup-win32-x64-msvc
19 silly reify mark deleted [ '/www/admin/node_modules/@rollup/rollup-win32-x64-msvc' ]
20 verbose reify failed optional dependency /www/admin/node_modules/@rollup/rollup-win32-x64-gnu
21 silly reify mark deleted [ '/www/admin/node_modules/@rollup/rollup-win32-x64-gnu' ]
22 verbose reify failed optional dependency /www/admin/node_modules/@rollup/rollup-win32-ia32-msvc
23 silly reify mark deleted [ '/www/admin/node_modules/@rollup/rollup-win32-ia32-msvc' ]
24 verbose reify failed optional dependency /www/admin/node_modules/@rollup/rollup-win32-arm64-msvc
25 silly reify mark deleted [ '/www/admin/node_modules/@rollup/rollup-win32-arm64-msvc' ]
26 verbose reify failed optional dependency /www/admin/node_modules/@rollup/rollup-openharmony-arm64
27 silly reify mark deleted [ '/www/admin/node_modules/@rollup/rollup-openharmony-arm64' ]
28 verbose reify failed optional dependency /www/admin/node_modules/@rollup/rollup-openbsd-x64
29 silly reify mark deleted [ '/www/admin/node_modules/@rollup/rollup-openbsd-x64' ]
30 verbose reify failed optional dependency /www/admin/node_modules/@rollup/rollup-linux-s390x-gnu
31 silly reify mark deleted [ '/www/admin/node_modules/@rollup/rollup-linux-s390x-gnu' ]
32 verbose reify failed optional dependency /www/admin/node_modules/@rollup/rollup-linux-riscv64-musl
33 silly reify mark deleted [ '/www/admin/node_modules/@rollup/rollup-linux-riscv64-musl' ]
34 verbose reify failed optional dependency /www/admin/node_modules/@rollup/rollup-linux-riscv64-gnu
35 silly reify mark deleted [ '/www/admin/node_modules/@rollup/rollup-linux-riscv64-gnu' ]
36 verbose reify failed optional dependency /www/admin/node_modules/@rollup/rollup-linux-ppc64-musl
37 silly reify mark deleted [ '/www/admin/node_modules/@rollup/rollup-linux-ppc64-musl' ]
38 verbose reify failed optional dependency /www/admin/node_modules/@rollup/rollup-linux-ppc64-gnu
39 silly reify mark deleted [ '/www/admin/node_modules/@rollup/rollup-linux-ppc64-gnu' ]
40 verbose reify failed optional dependency /www/admin/node_modules/@rollup/rollup-linux-loong64-musl
41 silly reify mark deleted [ '/www/admin/node_modules/@rollup/rollup-linux-loong64-musl' ]
42 verbose reify failed optional dependency /www/admin/node_modules/@rollup/rollup-linux-loong64-gnu
43 silly reify mark deleted [ '/www/admin/node_modules/@rollup/rollup-linux-loong64-gnu' ]
44 verbose reify failed optional dependency /www/admin/node_modules/@rollup/rollup-linux-arm64-musl
45 silly reify mark deleted [ '/www/admin/node_modules/@rollup/rollup-linux-arm64-musl' ]
46 verbose reify failed optional dependency /www/admin/node_modules/@rollup/rollup-linux-arm64-gnu
47 silly reify mark deleted [ '/www/admin/node_modules/@rollup/rollup-linux-arm64-gnu' ]
48 verbose reify failed optional dependency /www/admin/node_modules/@rollup/rollup-linux-arm-musleabihf
49 silly reify mark deleted [ '/www/admin/node_modules/@rollup/rollup-linux-arm-musleabihf' ]
50 verbose reify failed optional dependency /www/admin/node_modules/@rollup/rollup-linux-arm-gnueabihf
51 silly reify mark deleted [ '/www/admin/node_modules/@rollup/rollup-linux-arm-gnueabihf' ]
52 verbose reify failed optional dependency /www/admin/node_modules/@rollup/rollup-freebsd-x64
53 silly reify mark deleted [ '/www/admin/node_modules/@rollup/rollup-freebsd-x64' ]
54 verbose reify failed optional dependency /www/admin/node_modules/@rollup/rollup-freebsd-arm64
55 silly reify mark deleted [ '/www/admin/node_modules/@rollup/rollup-freebsd-arm64' ]
56 verbose reify failed optional dependency /www/admin/node_modules/@rollup/rollup-darwin-x64
57 silly reify mark deleted [ '/www/admin/node_modules/@rollup/rollup-darwin-x64' ]
58 verbose reify failed optional dependency /www/admin/node_modules/@rollup/rollup-darwin-arm64
59 silly reify mark deleted [ '/www/admin/node_modules/@rollup/rollup-darwin-arm64' ]
60 verbose reify failed optional dependency /www/admin/node_modules/@rollup/rollup-android-arm64
61 silly reify mark deleted [ '/www/admin/node_modules/@rollup/rollup-android-arm64' ]
62 verbose reify failed optional dependency /www/admin/node_modules/@rollup/rollup-android-arm-eabi
63 silly reify mark deleted [ '/www/admin/node_modules/@rollup/rollup-android-arm-eabi' ]
64 verbose reify failed optional dependency /www/admin/node_modules/@esbuild/win32-x64
65 silly reify mark deleted [ '/www/admin/node_modules/@esbuild/win32-x64' ]
66 verbose reify failed optional dependency /www/admin/node_modules/@esbuild/win32-ia32
67 silly reify mark deleted [ '/www/admin/node_modules/@esbuild/win32-ia32' ]
68 verbose reify failed optional dependency /www/admin/node_modules/@esbuild/win32-arm64
69 silly reify mark deleted [ '/www/admin/node_modules/@esbuild/win32-arm64' ]
70 verbose reify failed optional dependency /www/admin/node_modules/@esbuild/sunos-x64
71 silly reify mark deleted [ '/www/admin/node_modules/@esbuild/sunos-x64' ]
72 verbose reify failed optional dependency /www/admin/node_modules/@esbuild/openbsd-x64
73 silly reify mark deleted [ '/www/admin/node_modules/@esbuild/openbsd-x64' ]
74 verbose reify failed optional dependency /www/admin/node_modules/@esbuild/netbsd-x64
75 silly reify mark deleted [ '/www/admin/node_modules/@esbuild/netbsd-x64' ]
76 verbose reify failed optional dependency /www/admin/node_modules/@esbuild/linux-s390x
77 silly reify mark deleted [ '/www/admin/node_modules/@esbuild/linux-s390x' ]
78 verbose reify failed optional dependency /www/admin/node_modules/@esbuild/linux-riscv64
79 silly reify mark deleted [ '/www/admin/node_modules/@esbuild/linux-riscv64' ]
80 verbose reify failed optional dependency /www/admin/node_modules/@esbuild/linux-ppc64
81 silly reify mark deleted [ '/www/admin/node_modules/@esbuild/linux-ppc64' ]
82 verbose reify failed optional dependency /www/admin/node_modules/@esbuild/linux-mips64el
83 silly reify mark deleted [ '/www/admin/node_modules/@esbuild/linux-mips64el' ]
84 verbose reify failed optional dependency /www/admin/node_modules/@esbuild/linux-loong64
85 silly reify mark deleted [ '/www/admin/node_modules/@esbuild/linux-loong64' ]
86 verbose reify failed optional dependency /www/admin/node_modules/@esbuild/linux-ia32
87 silly reify mark deleted [ '/www/admin/node_modules/@esbuild/linux-ia32' ]
88 verbose reify failed optional dependency /www/admin/node_modules/@esbuild/linux-arm64
89 silly reify mark deleted [ '/www/admin/node_modules/@esbuild/linux-arm64' ]
90 verbose reify failed optional dependency /www/admin/node_modules/@esbuild/linux-arm
91 silly reify mark deleted [ '/www/admin/node_modules/@esbuild/linux-arm' ]
92 verbose reify failed optional dependency /www/admin/node_modules/@esbuild/freebsd-x64
93 silly reify mark deleted [ '/www/admin/node_modules/@esbuild/freebsd-x64' ]
94 verbose reify failed optional dependency /www/admin/node_modules/@esbuild/freebsd-arm64
95 silly reify mark deleted [ '/www/admin/node_modules/@esbuild/freebsd-arm64' ]
96 verbose reify failed optional dependency /www/admin/node_modules/@esbuild/darwin-x64
97 silly reify mark deleted [ '/www/admin/node_modules/@esbuild/darwin-x64' ]
98 verbose reify failed optional dependency /www/admin/node_modules/@esbuild/darwin-arm64
99 silly reify mark deleted [ '/www/admin/node_modules/@esbuild/darwin-arm64' ]
100 verbose reify failed optional dependency /www/admin/node_modules/@esbuild/android-x64
101 silly reify mark deleted [ '/www/admin/node_modules/@esbuild/android-x64' ]
102 verbose reify failed optional dependency /www/admin/node_modules/@esbuild/android-arm64
103 silly reify mark deleted [ '/www/admin/node_modules/@esbuild/android-arm64' ]
104 verbose reify failed optional dependency /www/admin/node_modules/@esbuild/android-arm
105 silly reify mark deleted [ '/www/admin/node_modules/@esbuild/android-arm' ]
106 verbose reify failed optional dependency /www/admin/node_modules/@esbuild/aix-ppc64
107 silly reify mark deleted [ '/www/admin/node_modules/@esbuild/aix-ppc64' ]
108 http fetch POST 200 https://registry.npmjs.org/-/npm/v1/security/advisories/bulk 2553ms
109 silly audit report {
109 silly audit report   esbuild: [
109 silly audit report     {
109 silly audit report       id: 1102341,
109 silly audit report       url: 'https://github.com/advisories/GHSA-67mh-4wv8-2f99',
109 silly audit report       title: 'esbuild enables any website to send any requests to the development server and read the response',
109 silly audit report       severity: 'moderate',
109 silly audit report       vulnerable_versions: '<=0.24.2',
109 silly audit report       cwe: [Array],
109 silly audit report       cvss: [Object]
109 silly audit report     }
109 silly audit report   ],
109 silly audit report   'follow-redirects': [
109 silly audit report     {
109 silly audit report       id: 1116560,
109 silly audit report       url: 'https://github.com/advisories/GHSA-r4q5-vmmm-2653',
109 silly audit report       title: 'follow-redirects leaks Custom Authentication Headers to Cross-Domain Redirect Targets',
109 silly audit report       severity: 'moderate',
109 silly audit report       vulnerable_versions: '<=1.15.11',
109 silly audit report       cwe: [Array],
109 silly audit report       cvss: [Object]
109 silly audit report     }
109 silly audit report   ],
109 silly audit report   postcss: [
109 silly audit report     {
109 silly audit report       id: 1117015,
109 silly audit report       url: 'https://github.com/advisories/GHSA-qx2v-qp2m-jg93',
109 silly audit report       title: 'PostCSS has XSS via Unescaped </style> in its CSS Stringify Output',
109 silly audit report       severity: 'moderate',
109 silly audit report       vulnerable_versions: '<8.5.10',
109 silly audit report       cwe: [Array],
109 silly audit report       cvss: [Object]
109 silly audit report     }
109 silly audit report   ],
109 silly audit report   vite: [
109 silly audit report     {
109 silly audit report       id: 1116229,
109 silly audit report       url: 'https://github.com/advisories/GHSA-4w7w-66w2-5vf9',
109 silly audit report       title: 'Vite Vulnerable to Path Traversal in Optimized Deps `.map` Handling',
109 silly audit report       severity: 'moderate',
109 silly audit report       vulnerable_versions: '<=6.4.1',
109 silly audit report       cwe: [Array],
109 silly audit report       cvss: [Object]
109 silly audit report     }
109 silly audit report   ]
109 silly audit report }
110 silly packumentCache corgi:https://registry.npmjs.org/esbuild cache-miss
111 silly packumentCache corgi:https://registry.npmjs.org/follow-redirects cache-miss
112 silly packumentCache corgi:https://registry.npmjs.org/postcss cache-miss
113 silly packumentCache corgi:https://registry.npmjs.org/vite cache-miss
114 http fetch GET 200 https://registry.npmjs.org/follow-redirects 965ms (cache hit)
115 silly packumentCache corgi:https://registry.npmjs.org/follow-redirects set size:88479 disposed:false
116 http fetch GET 200 https://registry.npmjs.org/esbuild 972ms (cache hit)
117 silly packumentCache corgi:https://registry.npmjs.org/esbuild set size:885757 disposed:false
118 http fetch GET 200 https://registry.npmjs.org/postcss 986ms (cache hit)
119 silly packumentCache corgi:https://registry.npmjs.org/postcss set size:343029 disposed:false
120 http fetch GET 200 https://registry.npmjs.org/vite 1007ms (cache hit)
121 silly packumentCache corgi:https://registry.npmjs.org/vite set size:2234939 disposed:false
122 silly packumentCache corgi:https://registry.npmjs.org/axios cache-miss
123 http fetch GET 200 https://registry.npmjs.org/axios 181ms (cache hit)
124 silly packumentCache corgi:https://registry.npmjs.org/axios set size:285106 disposed:false
125 silly packumentCache corgi:https://registry.npmjs.org/autoprefixer cache-miss
126 silly packumentCache corgi:https://registry.npmjs.org/postcss-import cache-miss
127 silly packumentCache corgi:https://registry.npmjs.org/postcss-js cache-miss
128 silly packumentCache corgi:https://registry.npmjs.org/postcss-load-config cache-miss
129 silly packumentCache corgi:https://registry.npmjs.org/postcss-nested cache-miss
130 silly packumentCache corgi:https://registry.npmjs.org/tailwindcss cache-miss
131 http fetch GET 200 https://registry.npmjs.org/postcss-import 134ms (cache hit)
132 silly packumentCache corgi:https://registry.npmjs.org/postcss-import set size:52251 disposed:false
133 http fetch GET 200 https://registry.npmjs.org/postcss-js 138ms (cache hit)
134 silly packumentCache corgi:https://registry.npmjs.org/postcss-js set size:25314 disposed:false
135 http fetch GET 200 https://registry.npmjs.org/postcss-load-config 140ms (cache hit)
136 silly packumentCache corgi:https://registry.npmjs.org/postcss-load-config set size:37999 disposed:false
137 http fetch GET 200 https://registry.npmjs.org/postcss-nested 148ms (cache hit)
138 silly packumentCache corgi:https://registry.npmjs.org/postcss-nested set size:41645 disposed:false
139 http fetch GET 200 https://registry.npmjs.org/autoprefixer 157ms (cache hit)
140 silly packumentCache corgi:https://registry.npmjs.org/autoprefixer set size:298545 disposed:false
141 http fetch GET 200 https://registry.npmjs.org/tailwindcss 184ms (cache hit)
142 silly packumentCache corgi:https://registry.npmjs.org/tailwindcss set size:4678077 disposed:false
143 silly packumentCache corgi:https://registry.npmjs.org/@vitejs%2fplugin-react cache-miss
144 http fetch GET 200 https://registry.npmjs.org/@vitejs%2fplugin-react 115ms (cache hit)
145 silly packumentCache corgi:https://registry.npmjs.org/@vitejs%2fplugin-react set size:112470 disposed:false
146 info run esbuild@0.21.5 postinstall node_modules/esbuild node install.js
147 info run esbuild@0.21.5 postinstall { code: 0, signal: null }
148 silly ADD node_modules/zustand
149 silly ADD node_modules/yocto-queue
150 silly ADD node_modules/yallist
151 silly ADD node_modules/xmlhttprequest-ssl
152 silly ADD node_modules/ws
153 silly ADD node_modules/word-wrap
154 silly ADD node_modules/which
155 silly ADD node_modules/vite
156 silly ADD node_modules/victory-vendor
157 silly ADD node_modules/util-deprecate
158 silly ADD node_modules/use-sync-external-store
159 silly ADD node_modules/use-sidecar
160 silly ADD node_modules/use-callback-ref
161 silly ADD node_modules/uri-js
162 silly ADD node_modules/update-browserslist-db
163 silly ADD node_modules/undici-types
164 silly ADD node_modules/typescript-eslint
165 silly ADD node_modules/typescript
166 silly ADD node_modules/type-check
167 silly ADD node_modules/tslib
168 silly ADD node_modules/ts-interface-checker
169 silly ADD node_modules/ts-api-utils
170 silly ADD node_modules/to-regex-range
171 silly ADD node_modules/tinyglobby
172 silly ADD node_modules/tinyglobby/node_modules/picomatch
173 silly ADD node_modules/tinyglobby/node_modules/fdir
174 silly ADD node_modules/tiny-invariant
175 silly ADD node_modules/thenify-all
176 silly ADD node_modules/thenify
177 silly ADD node_modules/tailwindcss-animate
178 silly ADD node_modules/tailwindcss
179 silly ADD node_modules/tailwind-merge
180 silly ADD node_modules/supports-preserve-symlinks-flag
181 silly ADD node_modules/supports-color
182 silly ADD node_modules/sucrase
183 silly ADD node_modules/strip-json-comments
184 silly ADD node_modules/source-map-js
185 silly ADD node_modules/socket.io-parser
186 silly ADD node_modules/socket.io-client
187 silly ADD node_modules/shebang-regex
188 silly ADD node_modules/shebang-command
189 silly ADD node_modules/set-cookie-parser
190 silly ADD node_modules/semver
191 silly ADD node_modules/scheduler
192 silly ADD node_modules/run-parallel
193 silly ADD node_modules/rollup
194 silly ADD node_modules/reusify
195 silly ADD node_modules/resolve-from
196 silly ADD node_modules/resolve
197 silly ADD node_modules/reselect
198 silly ADD node_modules/redux-thunk
199 silly ADD node_modules/redux
200 silly ADD node_modules/recharts
201 silly ADD node_modules/readdirp
202 silly ADD node_modules/read-cache
203 silly ADD node_modules/react-style-singleton
204 silly ADD node_modules/react-router-dom
205 silly ADD node_modules/react-router
206 silly ADD node_modules/react-remove-scroll-bar
207 silly ADD node_modules/react-remove-scroll
208 silly ADD node_modules/react-refresh
209 silly ADD node_modules/react-redux
210 silly ADD node_modules/react-is
211 silly ADD node_modules/react-hook-form
212 silly ADD node_modules/react-dom
213 silly ADD node_modules/react-day-picker
214 silly ADD node_modules/react
215 silly ADD node_modules/queue-microtask
216 silly ADD node_modules/punycode
217 silly ADD node_modules/proxy-from-env
218 silly ADD node_modules/prelude-ls
219 silly ADD node_modules/postcss-value-parser
220 silly ADD node_modules/postcss-selector-parser
221 silly ADD node_modules/postcss-nested
222 silly ADD node_modules/postcss-load-config
223 silly ADD node_modules/postcss-js
224 silly ADD node_modules/postcss-import
225 silly ADD node_modules/postcss
226 silly ADD node_modules/pirates
227 silly ADD node_modules/pify
228 silly ADD node_modules/picomatch
229 silly ADD node_modules/picocolors
230 silly ADD node_modules/path-parse
231 silly ADD node_modules/path-key
232 silly ADD node_modules/path-exists
233 silly ADD node_modules/parent-module
234 silly ADD node_modules/p-locate
235 silly ADD node_modules/p-limit
236 silly ADD node_modules/optionator
237 silly ADD node_modules/object-hash
238 silly ADD node_modules/object-assign
239 silly ADD node_modules/normalize-path
240 silly ADD node_modules/node-releases
241 silly ADD node_modules/natural-compare
242 silly ADD node_modules/nanoid
243 silly ADD node_modules/mz
244 silly ADD node_modules/ms
245 silly ADD node_modules/minimatch
246 silly ADD node_modules/mime-types
247 silly ADD node_modules/mime-db
248 silly ADD node_modules/micromatch
249 silly ADD node_modules/merge2
250 silly ADD node_modules/math-intrinsics
251 silly ADD node_modules/lucide-react
252 silly ADD node_modules/lru-cache
253 silly ADD node_modules/loose-envify
254 silly ADD node_modules/lodash.merge
255 silly ADD node_modules/locate-path
256 silly ADD node_modules/lines-and-columns
257 silly ADD node_modules/lilconfig
258 silly ADD node_modules/levn
259 silly ADD node_modules/keyv
260 silly ADD node_modules/json5
261 silly ADD node_modules/json-stable-stringify-without-jsonify
262 silly ADD node_modules/json-schema-traverse
263 silly ADD node_modules/json-buffer
264 silly ADD node_modules/jsesc
265 silly ADD node_modules/js-yaml
266 silly ADD node_modules/js-tokens
267 silly ADD node_modules/jiti
268 silly ADD node_modules/isexe
269 silly ADD node_modules/is-number
270 silly ADD node_modules/is-glob
271 silly ADD node_modules/is-extglob
272 silly ADD node_modules/is-core-module
273 silly ADD node_modules/is-binary-path
274 silly ADD node_modules/internmap
275 silly ADD node_modules/imurmurhash
276 silly ADD node_modules/import-fresh
277 silly ADD node_modules/immer
278 silly ADD node_modules/ignore
279 silly ADD node_modules/hasown
280 silly ADD node_modules/has-tostringtag
281 silly ADD node_modules/has-symbols
282 silly ADD node_modules/has-flag
283 silly ADD node_modules/gopd
284 silly ADD node_modules/globals
285 silly ADD node_modules/glob-parent
286 silly ADD node_modules/get-proto
287 silly ADD node_modules/get-nonce
288 silly ADD node_modules/get-intrinsic
289 silly ADD node_modules/gensync
290 silly ADD node_modules/function-bind
291 silly ADD
292 silly ADD node_modules/fraction.js
293 silly ADD node_modules/form-data
294 silly ADD node_modules/follow-redirects
295 silly ADD node_modules/flatted
296 silly ADD node_modules/flat-cache
297 silly ADD node_modules/find-up
298 silly ADD node_modules/fill-range
299 silly ADD node_modules/file-entry-cache
300 silly ADD node_modules/fastq
301 silly ADD node_modules/fast-levenshtein
302 silly ADD node_modules/fast-json-stable-stringify
303 silly ADD node_modules/fast-glob
304 silly ADD node_modules/fast-glob/node_modules/glob-parent
305 silly ADD node_modules/fast-deep-equal
306 silly ADD node_modules/eventemitter3
307 silly ADD node_modules/esutils
308 silly ADD node_modules/estraverse
309 silly ADD node_modules/esrecurse
310 silly ADD node_modules/esquery
311 silly ADD node_modules/espree
312 silly ADD node_modules/eslint-visitor-keys
313 silly ADD node_modules/eslint-scope
314 silly ADD node_modules/eslint-plugin-react-refresh
315 silly ADD node_modules/eslint-plugin-react-hooks
316 silly ADD node_modules/eslint
317 silly ADD node_modules/escape-string-regexp
318 silly ADD node_modules/escalade
319 silly ADD node_modules/esbuild
320 silly ADD node_modules/es-toolkit
321 silly ADD node_modules/es-set-tostringtag
322 silly ADD node_modules/es-object-atoms
323 silly ADD node_modules/es-errors
324 silly ADD node_modules/es-define-property
325 silly ADD node_modules/engine.io-parser
326 silly ADD node_modules/engine.io-client
327 silly ADD node_modules/embla-carousel-reactive-utils
328 silly ADD node_modules/embla-carousel-react
329 silly ADD node_modules/embla-carousel
330 silly ADD node_modules/electron-to-chromium
331 silly ADD node_modules/dunder-proto
332 silly ADD node_modules/dlv
333 silly ADD node_modules/didyoumean
334 silly ADD node_modules/detect-node-es
335 silly ADD node_modules/delayed-stream
336 silly ADD node_modules/deep-is
337 silly ADD node_modules/decimal.js-light
338 silly ADD node_modules/debug
339 silly ADD node_modules/date-fns-jalali
340 silly ADD node_modules/date-fns
341 silly ADD node_modules/d3-timer
342 silly ADD node_modules/d3-time-format
343 silly ADD node_modules/d3-time
344 silly ADD node_modules/d3-shape
345 silly ADD node_modules/d3-scale
346 silly ADD node_modules/d3-path
347 silly ADD node_modules/d3-interpolate
348 silly ADD node_modules/d3-format
349 silly ADD node_modules/d3-ease
350 silly ADD node_modules/d3-color
351 silly ADD node_modules/d3-array
352 silly ADD node_modules/csstype
353 silly ADD node_modules/cssesc
354 silly ADD node_modules/cross-spawn
355 silly ADD node_modules/cookie
356 silly ADD node_modules/convert-source-map
357 silly ADD node_modules/concat-map
358 silly ADD node_modules/commander
359 silly ADD node_modules/combined-stream
360 silly ADD node_modules/color-name
361 silly ADD node_modules/color-convert
362 silly ADD node_modules/clsx
363 silly ADD node_modules/class-variance-authority
364 silly ADD node_modules/chokidar
365 silly ADD node_modules/chokidar/node_modules/glob-parent
366 silly ADD node_modules/chalk
367 silly ADD node_modules/caniuse-lite
368 silly ADD node_modules/camelcase-css
369 silly ADD node_modules/callsites
370 silly ADD node_modules/call-bind-apply-helpers
371 silly ADD node_modules/browserslist
372 silly ADD node_modules/braces
373 silly ADD node_modules/brace-expansion
374 silly ADD node_modules/binary-extensions
375 silly ADD node_modules/baseline-browser-mapping
376 silly ADD node_modules/balanced-match
377 silly ADD node_modules/axios
378 silly ADD node_modules/autoprefixer
379 silly ADD node_modules/asynckit
380 silly ADD node_modules/aria-hidden
381 silly ADD node_modules/argparse
382 silly ADD node_modules/arg
383 silly ADD node_modules/anymatch
384 silly ADD node_modules/any-promise
385 silly ADD node_modules/ansi-styles
386 silly ADD node_modules/ajv
387 silly ADD node_modules/acorn-jsx
388 silly ADD node_modules/acorn
389 silly ADD node_modules/@vitejs/plugin-react
390 silly ADD node_modules/@typescript-eslint/visitor-keys
391 silly ADD node_modules/@typescript-eslint/visitor-keys/node_modules/eslint-visitor-keys
392 silly ADD node_modules/@typescript-eslint/utils
393 silly ADD node_modules/@typescript-eslint/typescript-estree
394 silly ADD node_modules/@typescript-eslint/typescript-estree/node_modules/semver
395 silly ADD node_modules/@typescript-eslint/typescript-estree/node_modules/minimatch
396 silly ADD node_modules/@typescript-eslint/typescript-estree/node_modules/brace-expansion
397 silly ADD node_modules/@typescript-eslint/typescript-estree/node_modules/balanced-match
398 silly ADD node_modules/@typescript-eslint/types
399 silly ADD node_modules/@typescript-eslint/type-utils
400 silly ADD node_modules/@typescript-eslint/tsconfig-utils
401 silly ADD node_modules/@typescript-eslint/scope-manager
402 silly ADD node_modules/@typescript-eslint/project-service
403 silly ADD node_modules/@typescript-eslint/parser
404 silly ADD node_modules/@typescript-eslint/eslint-plugin
405 silly ADD node_modules/@typescript-eslint/eslint-plugin/node_modules/ignore
406 silly ADD node_modules/@types/use-sync-external-store
407 silly ADD node_modules/@types/react-dom
408 silly ADD node_modules/@types/react
409 silly ADD node_modules/@types/prop-types
410 silly ADD node_modules/@types/node
411 silly ADD node_modules/@types/json-schema
412 silly ADD node_modules/@types/estree
413 silly ADD node_modules/@types/d3-timer
414 silly ADD node_modules/@types/d3-time
415 silly ADD node_modules/@types/d3-shape
416 silly ADD node_modules/@types/d3-scale
417 silly ADD node_modules/@types/d3-path
418 silly ADD node_modules/@types/d3-interpolate
419 silly ADD node_modules/@types/d3-ease
420 silly ADD node_modules/@types/d3-color
421 silly ADD node_modules/@types/d3-array
422 silly ADD node_modules/@types/babel__traverse
423 silly ADD node_modules/@types/babel__template
424 silly ADD node_modules/@types/babel__generator
425 silly ADD node_modules/@types/babel__core
426 silly ADD node_modules/@tanstack/table-core
427 silly ADD node_modules/@tanstack/react-table
428 silly ADD node_modules/@tabby_ai/hijri-converter
429 silly ADD node_modules/@standard-schema/utils
430 silly ADD node_modules/@standard-schema/spec
431 silly ADD node_modules/@socket.io/component-emitter
432 silly ADD
433 silly ADD
434 silly ADD
435 silly ADD
436 silly ADD
437 silly ADD
438 silly ADD node_modules/@rollup/rollup-linux-x64-musl
439 silly ADD node_modules/@rollup/rollup-linux-x64-gnu
440 silly ADD
441 silly ADD
442 silly ADD
443 silly ADD
444 silly ADD
445 silly ADD
446 silly ADD
447 silly ADD
448 silly ADD
449 silly ADD
450 silly ADD
451 silly ADD
452 silly ADD
453 silly ADD
454 silly ADD
455 silly ADD
456 silly ADD
457 silly ADD node_modules/@rolldown/pluginutils
458 silly ADD node_modules/@reduxjs/toolkit
459 silly ADD node_modules/@reduxjs/toolkit/node_modules/immer
460 silly ADD node_modules/@radix-ui/rect
461 silly ADD node_modules/@radix-ui/react-visually-hidden
462 silly ADD node_modules/@radix-ui/react-use-size
463 silly ADD node_modules/@radix-ui/react-use-rect
464 silly ADD node_modules/@radix-ui/react-use-previous
465 silly ADD node_modules/@radix-ui/react-use-layout-effect
466 silly ADD node_modules/@radix-ui/react-use-is-hydrated
467 silly ADD node_modules/@radix-ui/react-use-escape-keydown
468 silly ADD node_modules/@radix-ui/react-use-effect-event
469 silly ADD node_modules/@radix-ui/react-use-controllable-state
470 silly ADD node_modules/@radix-ui/react-use-callback-ref
471 silly ADD node_modules/@radix-ui/react-tooltip
472 silly ADD node_modules/@radix-ui/react-tooltip/node_modules/@radix-ui/react-slot
473 silly ADD node_modules/@radix-ui/react-toast
474 silly ADD node_modules/@radix-ui/react-tabs
475 silly ADD node_modules/@radix-ui/react-switch
476 silly ADD node_modules/@radix-ui/react-slot
477 silly ADD node_modules/@radix-ui/react-slider
478 silly ADD node_modules/@radix-ui/react-separator
479 silly ADD node_modules/@radix-ui/react-separator/node_modules/@radix-ui/react-primitive
480 silly ADD node_modules/@radix-ui/react-select
481 silly ADD node_modules/@radix-ui/react-select/node_modules/@radix-ui/react-slot
482 silly ADD node_modules/@radix-ui/react-scroll-area
483 silly ADD node_modules/@radix-ui/react-roving-focus
484 silly ADD node_modules/@radix-ui/react-radio-group
485 silly ADD node_modules/@radix-ui/react-progress
486 silly ADD node_modules/@radix-ui/react-progress/node_modules/@radix-ui/react-primitive
487 silly ADD node_modules/@radix-ui/react-progress/node_modules/@radix-ui/react-context
488 silly ADD node_modules/@radix-ui/react-primitive
489 silly ADD node_modules/@radix-ui/react-primitive/node_modules/@radix-ui/react-slot
490 silly ADD node_modules/@radix-ui/react-presence
491 silly ADD node_modules/@radix-ui/react-portal
492 silly ADD node_modules/@radix-ui/react-popper
493 silly ADD node_modules/@radix-ui/react-popover
494 silly ADD node_modules/@radix-ui/react-popover/node_modules/@radix-ui/react-slot
495 silly ADD node_modules/@radix-ui/react-menubar
496 silly ADD node_modules/@radix-ui/react-menu
497 silly ADD node_modules/@radix-ui/react-menu/node_modules/@radix-ui/react-slot
498 silly ADD node_modules/@radix-ui/react-label
499 silly ADD node_modules/@radix-ui/react-label/node_modules/@radix-ui/react-primitive
500 silly ADD node_modules/@radix-ui/react-id
501 silly ADD node_modules/@radix-ui/react-focus-scope
502 silly ADD node_modules/@radix-ui/react-focus-guards
503 silly ADD node_modules/@radix-ui/react-dropdown-menu
504 silly ADD node_modules/@radix-ui/react-dismissable-layer
505 silly ADD node_modules/@radix-ui/react-direction
506 silly ADD node_modules/@radix-ui/react-dialog
507 silly ADD node_modules/@radix-ui/react-dialog/node_modules/@radix-ui/react-slot
508 silly ADD node_modules/@radix-ui/react-context
509 silly ADD node_modules/@radix-ui/react-compose-refs
510 silly ADD node_modules/@radix-ui/react-collection
511 silly ADD node_modules/@radix-ui/react-collection/node_modules/@radix-ui/react-slot
512 silly ADD node_modules/@radix-ui/react-collapsible
513 silly ADD node_modules/@radix-ui/react-checkbox
514 silly ADD node_modules/@radix-ui/react-avatar
515 silly ADD node_modules/@radix-ui/react-avatar/node_modules/@radix-ui/react-primitive
516 silly ADD node_modules/@radix-ui/react-avatar/node_modules/@radix-ui/react-context
517 silly ADD node_modules/@radix-ui/react-arrow
518 silly ADD node_modules/@radix-ui/react-alert-dialog
519 silly ADD node_modules/@radix-ui/react-alert-dialog/node_modules/@radix-ui/react-slot
520 silly ADD node_modules/@radix-ui/react-accordion
521 silly ADD node_modules/@radix-ui/primitive
522 silly ADD node_modules/@radix-ui/number
523 silly ADD node_modules/@nodelib/fs.walk
524 silly ADD node_modules/@nodelib/fs.stat
525 silly ADD node_modules/@nodelib/fs.scandir
526 silly ADD node_modules/@jridgewell/trace-mapping
527 silly ADD node_modules/@jridgewell/sourcemap-codec
528 silly ADD node_modules/@jridgewell/resolve-uri
529 silly ADD node_modules/@jridgewell/remapping
530 silly ADD node_modules/@jridgewell/gen-mapping
531 silly ADD node_modules/@humanwhocodes/retry
532 silly ADD node_modules/@humanwhocodes/module-importer
533 silly ADD node_modules/@humanfs/node
534 silly ADD node_modules/@humanfs/core
535 silly ADD node_modules/@floating-ui/utils
536 silly ADD node_modules/@floating-ui/react-dom
537 silly ADD node_modules/@floating-ui/dom
538 silly ADD node_modules/@floating-ui/core
539 silly ADD node_modules/@eslint/plugin-kit
540 silly ADD node_modules/@eslint/object-schema
541 silly ADD node_modules/@eslint/js
542 silly ADD node_modules/@eslint/eslintrc
543 silly ADD node_modules/@eslint/eslintrc/node_modules/globals
544 silly ADD node_modules/@eslint/core
545 silly ADD node_modules/@eslint/config-helpers
546 silly ADD node_modules/@eslint/config-array
547 silly ADD node_modules/@eslint-community/regexpp
548 silly ADD node_modules/@eslint-community/eslint-utils
549 silly ADD node_modules/@eslint-community/eslint-utils/node_modules/eslint-visitor-keys
550 silly ADD
551 silly ADD
552 silly ADD
553 silly ADD
554 silly ADD
555 silly ADD
556 silly ADD node_modules/@esbuild/linux-x64
557 silly ADD
558 silly ADD
559 silly ADD
560 silly ADD
561 silly ADD
562 silly ADD
563 silly ADD
564 silly ADD
565 silly ADD
566 silly ADD
567 silly ADD
568 silly ADD
569 silly ADD
570 silly ADD
571 silly ADD
572 silly ADD
573 silly ADD node_modules/@date-fns/tz
574 silly ADD node_modules/@babel/types
575 silly ADD node_modules/@babel/traverse
576 silly ADD node_modules/@babel/template
577 silly ADD node_modules/@babel/plugin-transform-react-jsx-source
578 silly ADD node_modules/@babel/plugin-transform-react-jsx-self
579 silly ADD node_modules/@babel/parser
580 silly ADD node_modules/@babel/helpers
581 silly ADD node_modules/@babel/helper-validator-option
582 silly ADD node_modules/@babel/helper-validator-identifier
583 silly ADD node_modules/@babel/helper-string-parser
584 silly ADD node_modules/@babel/helper-plugin-utils
585 silly ADD node_modules/@babel/helper-module-transforms
586 silly ADD node_modules/@babel/helper-module-imports
587 silly ADD node_modules/@babel/helper-globals
588 silly ADD node_modules/@babel/helper-compilation-targets
589 silly ADD node_modules/@babel/generator
590 silly ADD node_modules/@babel/core
591 silly ADD node_modules/@babel/compat-data
592 silly ADD node_modules/@babel/code-frame
593 silly ADD node_modules/@alloc/quick-lru
594 verbose cwd /www/admin
595 verbose os Linux 6.8.0-71-generic
596 verbose node v20.20.2
597 verbose npm  v10.8.2
598 verbose exit 0
599 info ok
